{
  "triflow_version": "0.1.0",
  "summary": {
    "total": 0,
    "by_severity": {
      "critical": 0,
      "high": 0,
      "medium": 0,
      "low": 0
    }
  },
  "findings": [],
  "warnings": [],
  "servers": [
    {
      "slug": "trifecta-bench:fetch",
      "client": "trifecta-bench",
      "transport": "stdio",
      "capabilities": [
        "untrusted_content_ingress"
      ],
      "tools": [
        {
          "name": "fetch",
          "capabilities": [
            "untrusted_content_ingress"
          ]
        }
      ],
      "introspection_error": null
    }
  ]
}
