{
  "triflow_version": "0.1.0",
  "summary": {
    "total": 0,
    "by_severity": {
      "critical": 0,
      "high": 0,
      "medium": 0,
      "low": 0
    }
  },
  "findings": [],
  "warnings": [],
  "servers": [
    {
      "slug": "trifecta-bench:git",
      "client": "trifecta-bench",
      "transport": "stdio",
      "capabilities": [
        "state_changing"
      ],
      "tools": [
        {
          "name": "git_status",
          "capabilities": []
        },
        {
          "name": "git_diff_unstaged",
          "capabilities": []
        },
        {
          "name": "git_diff_staged",
          "capabilities": []
        },
        {
          "name": "git_diff",
          "capabilities": []
        },
        {
          "name": "git_commit",
          "capabilities": [
            "state_changing"
          ]
        },
        {
          "name": "git_add",
          "capabilities": []
        },
        {
          "name": "git_reset",
          "capabilities": [
            "state_changing"
          ]
        },
        {
          "name": "git_log",
          "capabilities": []
        },
        {
          "name": "git_create_branch",
          "capabilities": []
        },
        {
          "name": "git_checkout",
          "capabilities": []
        },
        {
          "name": "git_show",
          "capabilities": []
        },
        {
          "name": "git_branch",
          "capabilities": []
        }
      ],
      "introspection_error": null
    }
  ]
}
