{
  "tool": "trifecta",
  "version": "0.2.0",
  "fleet": "scenario",
  "servers": 2,
  "tools": 15,
  "trifecta_present": false,
  "cross_server": false,
  "risk_score": 50,
  "counts": {
    "critical": 0,
    "high": 0,
    "medium": 1,
    "low": 0,
    "info": 0
  },
  "capability_map": {
    "private_data": [
      "filesystem::read_file",
      "filesystem::read_text_file",
      "filesystem::read_media_file",
      "filesystem::read_multiple_files",
      "filesystem::create_directory",
      "filesystem::list_directory",
      "filesystem::list_directory_with_sizes",
      "filesystem::directory_tree",
      "filesystem::move_file",
      "filesystem::search_files",
      "filesystem::get_file_info"
    ],
    "untrusted_content": [
      "fetch::fetch"
    ],
    "exfil": []
  },
  "findings": [
    {
      "id": "TRIFECTA010",
      "title": "Fleet is one capability away from a lethal trifecta",
      "severity": "medium",
      "message": "The fleet already exposes a sensitive-data source (private_data) and a injection entry point (untrusted_content). Installing any server that adds a a exfiltration channel (exfil) would complete the lethal trifecta and make the agent exploitable.",
      "location": "scenario",
      "evidence": [],
      "remediation": "Treat the missing capability (exfil) as a red line: avoid installing servers that add it alongside the existing two, or isolate them into a separate agent/profile."
    }
  ]
}
